// Jest Snapshot v1, https://goo.gl/fbAQLP

exports[`CameraRoll Should call deletePhotos 1`] = `
Array [
  Array [
    Array [
      "a uri",
    ],
  ],
]
`;

exports[`CameraRoll Should call getPhotos 1`] = `
Array [
  Array [
    Object {
      "assetType": "All",
      "first": 0,
      "groupTypes": "All",
    },
  ],
]
`;

exports[`CameraRoll Should call save 1`] = `
Array [
  Array [
    "a tag",
    Object {
      "album": "",
      "type": "photo",
    },
  ],
]
`;

exports[`CameraRoll Should call saveToCameraRoll 1`] = `
Array [
  Array [
    "a tag",
    Object {
      "album": "",
      "type": "photo",
    },
  ],
]
`;
