// Jest Snapshot v1, https://goo.gl/fbAQLP

exports[`CameraRoll Should call deletePhotos 1`] = `
[
  [
    [
      "a uri",
    ],
  ],
]
`;

exports[`CameraRoll Should call getPhotos 1`] = `
[
  [
    {
      "assetType": "All",
      "first": 0,
      "groupTypes": "All",
    },
  ],
]
`;

exports[`CameraRoll Should call saveToCameraRoll 1`] = `
[
  [
    "a tag",
    {
      "album": "",
      "type": "photo",
    },
  ],
]
`;
